// Jest Snapshot v1, https://goo.gl/fbAQLP

exports[`renders correctly 1`] = `
<RNCSafeAreaProvider
  onInsetsChange={[Function]}
  style={
    [
      {
        "flex": 1,
      },
      undefined,
    ]
  }
>
  <View
    collapsable={false}
    pointerEvents="box-none"
    style={
      {
        "flex": 1,
      }
    }
  >
    <View
      style={
        [
          {
            "flex": 1,
          },
          undefined,
        ]
      }
    >
      <RNSScreenNavigationContainer
        style={
          {
            "flex": 1,
            "overflow": "hidden",
          }
        }
      >
        <RNSScreen
          activityState={2}
          collapsable={false}
          gestureResponseDistance={
            {
              "bottom": -1,
              "end": -1,
              "start": -1,
              "top": -1,
            }
          }
          onGestureCancel={[Function]}
          sheetAllowedDetents="large"
          sheetCornerRadius={-1}
          sheetExpandsWhenScrolledToEdge={true}
          sheetGrabberVisible={false}
          sheetLargestUndimmedDetent="all"
          style={
            {
              "bottom": 0,
              "left": 0,
              "position": "absolute",
              "right": 0,
              "top": 0,
              "zIndex": 0,
            }
          }
        >
          <View
            accessibilityElementsHidden={false}
            importantForAccessibility="auto"
            style={
              [
                {
                  "backgroundColor": "#FFFFFF",
                  "flex": 1,
                },
                [
                  {
                    "flex": 1,
                    "flexDirection": "column-reverse",
                  },
                  undefined,
                ],
              ]
            }
          >
            <View
              style={
                {
                  "flex": 1,
                }
              }
            >
              <View
                style={
                  [
                    {
                      "flex": 1,
                    },
                    undefined,
                  ]
                }
              >
                <RNSScreenStack
                  style={
                    {
                      "flex": 1,
                    }
                  }
                >
                  <RNSScreen
                    collapsable={false}
                    fullScreenSwipeShadowEnabled={false}
                    gestureResponseDistance={
                      {
                        "bottom": -1,
                        "end": -1,
                        "start": -1,
                        "top": -1,
                      }
                    }
                    hasLargeHeader={false}
                    nativeBackButtonDismissalEnabled={false}
                    onAppear={[Function]}
                    onDisappear={[Function]}
                    onDismissed={[Function]}
                    onGestureCancel={[Function]}
                    onHeaderBackButtonClicked={[Function]}
                    onNativeDismissCancelled={[Function]}
                    onTransitionProgress={[Function]}
                    onWillAppear={[Function]}
                    onWillDisappear={[Function]}
                    replaceAnimation="push"
                    sheetAllowedDetents="large"
                    sheetCornerRadius={-1}
                    sheetExpandsWhenScrolledToEdge={true}
                    sheetGrabberVisible={false}
                    sheetLargestUndimmedDetent="all"
                    stackPresentation="push"
                    style={
                      {
                        "bottom": 0,
                        "left": 0,
                        "position": "absolute",
                        "right": 0,
                        "top": 0,
                      }
                    }
                    swipeDirection="horizontal"
                  >
                    <View
                      accessibilityElementsHidden={false}
                      importantForAccessibility="auto"
                      style={
                        {
                          "flex": 1,
                          "flexDirection": "column-reverse",
                        }
                      }
                    >
                      <View
                        collapsable={false}
                        style={
                          [
                            {
                              "flex": 1,
                            },
                            {
                              "backgroundColor": "#FFFFFF",
                            },
                            undefined,
                          ]
                        }
                      >
                        <View
                          onLayout={[Function]}
                          style={
                            [
                              {
                                "flex": 1,
                              },
                              {
                                "paddingBottom": 0,
                              },
                            ]
                          }
                        >
                          <View
                            accessibilityState={
                              {
                                "busy": undefined,
                                "checked": undefined,
                                "disabled": undefined,
                                "expanded": undefined,
                                "selected": undefined,
                              }
                            }
                            accessible={true}
                            focusable={true}
                            onClick={[Function]}
                            onResponderGrant={[Function]}
                            onResponderMove={[Function]}
                            onResponderRelease={[Function]}
                            onResponderTerminate={[Function]}
                            onResponderTerminationRequest={[Function]}
                            onStartShouldSetResponder={[Function]}
                            style={
                              {
                                "flex": 1,
                              }
                            }
                          >
                            <View
                              style={
                                {
                                  "alignItems": "left",
                                  "height": 208,
                                  "top": 132,
                                  "width": 358,
                                }
                              }
                            >
                              <Image
                                source={
                                  {
                                    "testUri": "../../../assets/img/Appicon.png",
                                  }
                                }
                                style={
                                  {
                                    "height": 68,
                                    "marginLeft": 8,
                                    "width": 52,
                                  }
                                }
                                testID="logo"
                              />
                              <View
                                style={
                                  {
                                    "height": 124,
                                    "width": 349,
                                  }
                                }
                              >
                                <Text
                                  style={
                                    {
                                      "color": "#000000",
                                      "fontFamily": undefined,
                                      "fontSize": 28,
                                      "marginBottom": 8,
                                      "marginLeft": 8,
                                    }
                                  }
                                >
                                  iHydrate
                                </Text>
                                <Text
                                  style={
                                    {
                                      "color": "#7D7D7D",
                                      "fontFamily": undefined,
                                      "fontSize": 17,
                                      "marginBottom": 8,
                                      "marginLeft": 8,
                                    }
                                  }
                                >
                                  Start with iHydrate to record and track your water intake daily based on your needs and stay hydrated
                                </Text>
                              </View>
                            </View>
                            <View
                              style={
                                {
                                  "alignContent": "center",
                                  "alignItems": "center",
                                  "top": 150,
                                }
                              }
                            >
                              <View
                                style={
                                  {
                                    "backgroundColor": "#F2F2F7",
                                    "borderRadius": 6,
                                    "flexDirection": "row",
                                    "width": "95%",
                                  }
                                }
                              >
                                <View
                                  style={
                                    {
                                      "borderWidth": 0,
                                      "flex": 1,
                                      "marginBottom": 2,
                                      "marginTop": 0,
                                      "padding": 5,
                                      "paddingLeft": 110,
                                    }
                                  }
                                >
                                  <View
                                    pointerEvents="none"
                                    style={
                                      [
                                        {
                                          "bottom": 0,
                                          "left": 0,
                                          "position": "absolute",
                                          "right": 0,
                                          "top": 6,
                                        },
                                        {
                                          "top": 0,
                                        },
                                        {
                                          "backgroundColor": "#F2F2F7",
                                          "borderColor": "transparent",
                                          "borderRadius": 5,
                                          "borderWidth": 1,
                                        },
                                        undefined,
                                      ]
                                    }
                                    testID="text-input-outline"
                                  />
                                  <View
                                    style={
                                      [
                                        {
                                          "flexGrow": 1,
                                          "paddingBottom": 0,
                                        },
                                        {
                                          "minHeight": 44,
                                          "paddingTop": 0,
                                        },
                                      ]
                                    }
                                  >
                                    <TextInput
                                      accessibilityLabel="Weight Input"
                                      cursorColor="#54BEF0"
                                      editable={true}
                                      keyboardType="numeric"
                                      maxFontSizeMultiplier={1.5}
                                      multiline={false}
                                      onBlur={[Function]}
                                      onChangeText={[Function]}
                                      onFocus={[Function]}
                                      onLayout={[Function]}
                                      placeholder="weight"
                                      placeholderTextColor="rgba(73, 69, 79, 1)"
                                      selectionColor="#54BEF0"
                                      style={
                                        [
                                          {
                                            "flexGrow": 1,
                                            "margin": 0,
                                          },
                                          {
                                            "height": 44,
                                          },
                                          {
                                            "paddingBottom": 14,
                                            "paddingTop": 14,
                                          },
                                          {
                                            "color": "rgba(28, 27, 31, 1)",
                                            "fontFamily": "System",
                                            "fontSize": 16,
                                            "fontWeight": undefined,
                                            "letterSpacing": 0.15,
                                            "lineHeight": undefined,
                                            "minWidth": 65,
                                            "paddingHorizontal": 16,
                                            "textAlign": "left",
                                            "textAlignVertical": "center",
                                          },
                                          false,
                                          [
                                            {},
                                          ],
                                          undefined,
                                        ]
                                      }
                                      testID="text-input-outlined"
                                      underlineColorAndroid="transparent"
                                      value=""
                                    />
                                  </View>
                                </View>
                                <Text
                                  style={
                                    {
                                      "color": "#000000",
                                      "fontFamily": undefined,
                                      "fontSize": 17,
                                      "left": 12,
                                      "position": "absolute",
                                      "top": 15,
                                    }
                                  }
                                >
                                  Body weight
                                </Text>
                                <Text
                                  style={
                                    {
                                      "color": "#000000",
                                      "fontFamily": undefined,
                                      "fontSize": 17,
                                      "left": 182,
                                      "position": "absolute",
                                      "top": 15,
                                    }
                                  }
                                >
                                  Kg
                                </Text>
                              </View>
                            </View>
                            <View
                              style={
                                {
                                  "alignItems": "center",
                                  "top": 280,
                                  "width": "100%",
                                }
                              }
                            >
                              <View
                                style={
                                  {
                                    "height": 50,
                                    "justifyContent": "center",
                                    "padding": 10,
                                    "width": "100%",
                                  }
                                }
                              >
                                <View
                                  collapsable={false}
                                  style={
                                    {
                                      "backgroundColor": "rgba(28, 27, 31, 0.12)",
                                      "borderRadius": 10,
                                      "shadowColor": "#000",
                                      "shadowOffset": {
                                        "height": 0,
                                        "width": 0,
                                      },
                                      "shadowOpacity": 0,
                                      "shadowRadius": 0,
                                    }
                                  }
                                  testID="button-container-outer-layer"
                                >
                                  <View
                                    collapsable={false}
                                    style={
                                      {
                                        "backgroundColor": "rgba(28, 27, 31, 0.12)",
                                        "borderColor": "transparent",
                                        "borderRadius": 10,
                                        "borderStyle": "solid",
                                        "borderWidth": 0,
                                        "flex": undefined,
                                        "minWidth": 64,
                                        "shadowColor": "#000",
                                        "shadowOffset": {
                                          "height": 0,
                                          "width": 0,
                                        },
                                        "shadowOpacity": 0,
                                        "shadowRadius": 0,
                                      }
                                    }
                                    testID="button-container"
                                  >
                                    <View
                                      accessibilityLabel="Calculate Button"
                                      accessibilityRole="button"
                                      accessibilityState={
                                        {
                                          "busy": undefined,
                                          "checked": undefined,
                                          "disabled": true,
                                          "expanded": undefined,
                                          "selected": undefined,
                                        }
                                      }
                                      accessibilityValue={
                                        {
                                          "max": undefined,
                                          "min": undefined,
                                          "now": undefined,
                                          "text": undefined,
                                        }
                                      }
                                      accessible={true}
                                      collapsable={false}
                                      focusable={true}
                                      onBlur={[Function]}
                                      onClick={[Function]}
                                      onFocus={[Function]}
                                      onResponderGrant={[Function]}
                                      onResponderMove={[Function]}
                                      onResponderRelease={[Function]}
                                      onResponderTerminate={[Function]}
                                      onResponderTerminationRequest={[Function]}
                                      onStartShouldSetResponder={[Function]}
                                      style={
                                        [
                                          {
                                            "overflow": "hidden",
                                          },
                                          {
                                            "borderRadius": 10,
                                          },
                                        ]
                                      }
                                      testID="button"
                                    >
                                      <View
                                        style={
                                          [
                                            {
                                              "alignItems": "center",
                                              "flexDirection": "row",
                                              "justifyContent": "center",
                                            },
                                            {
                                              "backgroundColor": "#c0c0c0",
                                              "height": 50,
                                              "width": "100%",
                                            },
                                          ]
                                        }
                                      >
                                        <Text
                                          numberOfLines={1}
                                          selectable={false}
                                          style={
                                            [
                                              {
                                                "textAlign": "left",
                                              },
                                              {
                                                "color": "rgba(28, 27, 31, 1)",
                                                "writingDirection": "ltr",
                                              },
                                              [
                                                {
                                                  "fontFamily": "System",
                                                  "fontSize": 14,
                                                  "fontWeight": "500",
                                                  "letterSpacing": 0.1,
                                                  "lineHeight": 20,
                                                },
                                                [
                                                  {
                                                    "marginHorizontal": 16,
                                                    "marginVertical": 9,
                                                    "textAlign": "center",
                                                  },
                                                  false,
                                                  {
                                                    "marginHorizontal": 24,
                                                    "marginVertical": 10,
                                                  },
                                                  undefined,
                                                  false,
                                                  {
                                                    "color": "rgba(28, 27, 31, 0.38)",
                                                    "fontFamily": "System",
                                                    "fontSize": 14,
                                                    "fontWeight": "500",
                                                    "letterSpacing": 0.1,
                                                    "lineHeight": 20,
                                                  },
                                                  undefined,
                                                ],
                                              ],
                                            ]
                                          }
                                          testID="button-text"
                                        >
                                          <Text
                                            style={
                                              {
                                                "color": "#7D7D7D",
                                                "fontFamily": undefined,
                                                "fontSize": 17,
                                              }
                                            }
                                          >
                                            Calculate Now
                                          </Text>
                                        </Text>
                                      </View>
                                    </View>
                                  </View>
                                </View>
                              </View>
                            </View>
                          </View>
                        </View>
                      </View>
                    </View>
                    <RNSScreenStackHeaderConfig
                      backButtonInCustomView={false}
                      backTitleVisible={true}
                      backgroundColor="rgb(255, 255, 255)"
                      color="#54BEF0"
                      direction="ltr"
                      disableBackButtonMenu={false}
                      hidden={true}
                      hideBackButton={false}
                      largeTitleHideShadow={false}
                      title="Onboarding"
                      titleColor="rgb(28, 28, 30)"
                      topInsetEnabled={false}
                      translucent={false}
                    />
                  </RNSScreen>
                </RNSScreenStack>
              </View>
            </View>
          </View>
        </RNSScreen>
      </RNSScreenNavigationContainer>
      <View
        collapsable={false}
        onLayout={[Function]}
        pointerEvents="auto"
        style={
          {
            "backgroundColor": "rgb(255, 255, 255)",
            "borderTopColor": "rgb(216, 216, 216)",
            "borderTopWidth": 0.5,
            "bottom": 0,
            "elevation": 8,
            "height": 49,
            "left": 0,
            "paddingBottom": 0,
            "paddingHorizontal": 0,
            "position": null,
            "right": 0,
            "transform": [
              {
                "translateY": 0,
              },
            ],
          }
        }
      >
        <View
          pointerEvents="none"
          style={
            {
              "bottom": 0,
              "left": 0,
              "position": "absolute",
              "right": 0,
              "top": 0,
            }
          }
        />
        <View
          accessibilityRole="tablist"
          style={
            {
              "flex": 1,
              "flexDirection": "row",
            }
          }
        >
          <View
            accessibilityRole="button"
            accessibilityState={
              {
                "busy": undefined,
                "checked": undefined,
                "disabled": undefined,
                "expanded": undefined,
                "selected": true,
              }
            }
            accessibilityStates={
              [
                "selected",
              ]
            }
            accessibilityValue={
              {
                "max": undefined,
                "min": undefined,
                "now": undefined,
                "text": undefined,
              }
            }
            accessible={true}
            collapsable={false}
            focusable={true}
            onBlur={[Function]}
            onClick={[Function]}
            onFocus={[Function]}
            onResponderGrant={[Function]}
            onResponderMove={[Function]}
            onResponderRelease={[Function]}
            onResponderTerminate={[Function]}
            onResponderTerminationRequest={[Function]}
            onStartShouldSetResponder={[Function]}
            style={
              [
                {
                  "alignItems": "center",
                  "flex": 1,
                },
                {
                  "backgroundColor": "transparent",
                },
                {
                  "flexDirection": "column",
                  "justifyContent": "flex-end",
                },
                undefined,
              ]
            }
          >
            <View
              style={
                [
                  {
                    "flex": 1,
                  },
                  undefined,
                ]
              }
            >
              <View
                style={
                  [
                    {
                      "alignItems": "center",
                      "alignSelf": "center",
                      "height": "100%",
                      "justifyContent": "center",
                      "minWidth": 25,
                      "position": "absolute",
                      "width": "100%",
                    },
                    {
                      "opacity": 1,
                    },
                  ]
                }
              >
                <Text
                  allowFontScaling={false}
                  selectable={false}
                  style={
                    [
                      {
                        "color": "#54BEF0",
                        "fontSize": 25,
                      },
                      undefined,
                      {
                        "fontFamily": "Material Design Icons",
                        "fontStyle": "normal",
                        "fontWeight": "normal",
                      },
                      {},
                    ]
                  }
                >
                  󰖌
                </Text>
              </View>
              <View
                style={
                  [
                    {
                      "alignItems": "center",
                      "alignSelf": "center",
                      "height": "100%",
                      "justifyContent": "center",
                      "minWidth": 25,
                      "position": "absolute",
                      "width": "100%",
                    },
                    {
                      "opacity": 0,
                    },
                  ]
                }
              >
                <Text
                  allowFontScaling={false}
                  selectable={false}
                  style={
                    [
                      {
                        "color": "#8E8E8F",
                        "fontSize": 25,
                      },
                      undefined,
                      {
                        "fontFamily": "Material Design Icons",
                        "fontStyle": "normal",
                        "fontWeight": "normal",
                      },
                      {},
                    ]
                  }
                >
                  󰸊
                </Text>
              </View>
            </View>
            <Text
              style={
                [
                  {
                    "fontFamily": undefined,
                    "fontSize": 14,
                    "paddingBottom": 4,
                  },
                  {
                    "color": undefined,
                  },
                  {
                    "color": "#54BEF0",
                  },
                ]
              }
            >
              Hydrate
            </Text>
          </View>
          <View
            accessibilityRole="button"
            accessibilityState={
              {
                "busy": undefined,
                "checked": undefined,
                "disabled": undefined,
                "expanded": undefined,
                "selected": false,
              }
            }
            accessibilityStates={[]}
            accessibilityValue={
              {
                "max": undefined,
                "min": undefined,
                "now": undefined,
                "text": undefined,
              }
            }
            accessible={true}
            collapsable={false}
            focusable={true}
            onBlur={[Function]}
            onClick={[Function]}
            onFocus={[Function]}
            onResponderGrant={[Function]}
            onResponderMove={[Function]}
            onResponderRelease={[Function]}
            onResponderTerminate={[Function]}
            onResponderTerminationRequest={[Function]}
            onStartShouldSetResponder={[Function]}
            style={
              [
                {
                  "alignItems": "center",
                  "flex": 1,
                },
                {
                  "backgroundColor": "transparent",
                },
                {
                  "flexDirection": "column",
                  "justifyContent": "flex-end",
                },
                undefined,
              ]
            }
          >
            <View
              style={
                [
                  {
                    "flex": 1,
                  },
                  undefined,
                ]
              }
            >
              <View
                style={
                  [
                    {
                      "alignItems": "center",
                      "alignSelf": "center",
                      "height": "100%",
                      "justifyContent": "center",
                      "minWidth": 25,
                      "position": "absolute",
                      "width": "100%",
                    },
                    {
                      "opacity": 0,
                    },
                  ]
                }
              >
                <Text
                  allowFontScaling={false}
                  selectable={false}
                  style={
                    [
                      {
                        "color": "#54BEF0",
                        "fontSize": 25,
                      },
                      undefined,
                      {
                        "fontFamily": "Material Design Icons",
                        "fontStyle": "normal",
                        "fontWeight": "normal",
                      },
                      {},
                    ]
                  }
                >
                  󰋼
                </Text>
              </View>
              <View
                style={
                  [
                    {
                      "alignItems": "center",
                      "alignSelf": "center",
                      "height": "100%",
                      "justifyContent": "center",
                      "minWidth": 25,
                      "position": "absolute",
                      "width": "100%",
                    },
                    {
                      "opacity": 1,
                    },
                  ]
                }
              >
                <Text
                  allowFontScaling={false}
                  selectable={false}
                  style={
                    [
                      {
                        "color": "#8E8E8F",
                        "fontSize": 25,
                      },
                      undefined,
                      {
                        "fontFamily": "Material Design Icons",
                        "fontStyle": "normal",
                        "fontWeight": "normal",
                      },
                      {},
                    ]
                  }
                >
                  󰋽
                </Text>
              </View>
            </View>
            <Text
              style={
                [
                  {
                    "fontFamily": undefined,
                    "fontSize": 14,
                    "paddingBottom": 4,
                  },
                  {
                    "color": undefined,
                  },
                  {
                    "color": "#8E8E8F",
                  },
                ]
              }
            >
              Details
            </Text>
          </View>
        </View>
      </View>
    </View>
  </View>
</RNCSafeAreaProvider>
`;
